
> granito-mostaza@0.0.0 build
> ng build

[33mÔØ»[39m Building...
[32mÔ£ö[39m Building...
[1mInitial chunk files[22m  [2m | [22m[1mNames[22m                          [2m | [22m [1mRaw size[22m[2m | [22m[1mEstimated transfer size[22m
[32mchunk-VXHDAPL7.js[39m    [2m | [22m[2m-[22m                              [2m | [22m[36m272.00 kB[39m[2m | [22m               [36m73.41 kB[39m
[32mmain-K5ATJ62M.js[39m     [2m | [22m[2mmain[22m                           [2m | [22m[36m227.07 kB[39m[2m | [22m               [36m44.26 kB[39m
[32mstyles-AT7YGISU.css[39m  [2m | [22m[2mstyles[22m                         [2m | [22m [36m46.89 kB[39m[2m | [22m                [36m8.22 kB[39m
[32mpolyfills-B6TNHZQ6.js[39m[2m | [22m[2mpolyfills[22m                      [2m | [22m [36m34.58 kB[39m[2m | [22m               [36m11.32 kB[39m
[32mchunk-TCTU2FQV.js[39m    [2m | [22m[2m-[22m                              [2m | [22m  [36m7.06 kB[39m[2m | [22m                [36m2.27 kB[39m
[32mchunk-MB3KYPMS.js[39m    [2m | [22m[2m-[22m                              [2m | [22m  [36m3.89 kB[39m[2m | [22m                [36m1.50 kB[39m

[1m [22m                    [2m | [22m[1mInitial total[22m                  [2m | [22m[1m591.49 kB[22m[2m | [22m              [1m140.97 kB[22m

[1mLazy chunk files[22m     [2m | [22m[1mNames[22m                          [2m | [22m [1mRaw size[22m[2m | [22m[1mEstimated transfer size[22m
[32mchunk-II4DAPMI.js[39m    [2m | [22m[2mmenu-landing-component[22m         [2m | [22m [36m23.71 kB[39m[2m | [22m                [36m4.17 kB[39m
[32mchunk-QHICGD5T.js[39m    [2m | [22m[2mshopping-cart-landing-component[22m[2m | [22m[36m405 bytes[39m[2m | [22m              [36m405 bytes[39m

Application bundle generation complete. [2.398 seconds]

node.exe : 
[1m[33m[33mÔû▓ [43;33m[
[43;30mWARNING[43;33m][0
m [1m21 rules skipped due 
to selector errors:
En C:\Program 
Files\nodejs\npm.ps1: 29 
Carácter: 3
+   & $NODE_EXE 
$NPM_CLI_JS $args
+   ~~~~~~~~~~~~~~~~~~~~~~~
~~~~~~
    + CategoryInfo         
     : NotSpecified: ([1  
  m[33m[33mÔ...elector   
  errors::String) [], R    
emoteException
    + FullyQualifiedErrorI 
   d : NativeCommandError
 
  & -> Empty sub-selector
  & -> Empty sub-selector
  & -> Empty sub-selector
  & -> Empty sub-selector
  & -> Empty sub-selector
  & -> Empty sub-selector
  & -> Empty sub-selector
  & -> Empty sub-selector
  & -> Empty sub-selector
  & -> Empty sub-selector
  & -> Empty sub-selector
  & -> Empty sub-selector
  & -> Empty sub-selector
  & -> Empty sub-selector
  & -> Empty sub-selector
  & -> Empty sub-selector
  & -> Empty sub-selector
  & -> Empty sub-selector
  & -> Empty sub-selector
  & -> Empty sub-selector
  & -> Empty 
sub-selector[0m

[39m[22m
Output location: C:\Proyectos\GranitoMostazaFront-End\dist\granito-mostaza

